// Jest Snapshot v1, https://goo.gl/fbAQLP

exports[`A pagina de configuracao Deve ser renderizada corretamente 1`] = `
<div>
  <div
    class="card"
  >
    <section>
      <h2>
        Vamos Come√ßar!
      </h2>
      <form>
        <div
          class="grupo-input-btn"
        >
          <input
            placeholder="insira os nomes dos participantes"
            type="text"
            value=""
          />
          <button
            disabled=""
          >
            Adicionar
          </button>
          
        </div>
      </form>
      <ul />
      <footer
        class="rodape-configuracoes"
      >
        <button
          class="botao"
          disabled=""
        >
          Iniciar Brincadeira
        </button>
        <img
          alt="Sacolas de compras"
          src="/imagens/sacolas.png"
        />
      </footer>
    </section>
  </div>
</div>
`;
